	mov	sp, #0x200
	mov	r0, #-3
	stmfd	sp!, {r0}
	ldmfd	sp!, {r0}
