	mov	sp, #0x200
	mov	r0, #2
	stmfd	sp!, {r0}
	mov	r0, #3
	stmfd	sp!, {r0}
	ldmfd	sp!, {r1}
	ldmfd	sp!, {r2}
	add r0, r1, r2
	stmfd	sp!, {r0}
	ldmfd	sp!, {r0}
