	mov	sp, #0x200
	mov	r0, #1
	stmfd	sp!, {r0}
	mov	r0, #2
	stmfd	sp!, {r0}
	mov	r0, #3
	stmfd	sp!, {r0}
	mov	r2, #0
	mov	r0, #0
	ldmfd	sp!, {r1}
	ldmfd	sp!, {r3}
	m0_b
	cmp	r2, r1
	beq	m0_e
	add	r2, r2, #1
	add	r0, r0, r3
	b	m0_b
	m0_e
	stmfd	sp!, {r0}
	ldmfd	sp!, {r1}
	ldmfd	sp!, {r2}
	add r0, r1, r2
	stmfd	sp!, {r0}
	ldmfd	sp!, {r0}
